[    0.000000] Initializing cgroup subsys cpuset
[    0.000000] Initializing cgroup subsys cpu
[    0.000000] Initializing cgroup subsys cpuacct
[    0.000000] Linux version 4.4.0-203-generic (buildd@lcy01-amd64-027) (gcc version 5.4.0 20160609 (Ubuntu 5.4.0-6ubuntu1~16.04.12) ) #235-Ubuntu SMP Tue Feb 2 02:49:08 UTC 2021 (Ubuntu 4.4.0-203.235-generic 4.4.249)
[    0.000000] Command line: BOOT_IMAGE=/boot/vmlinuz-4.4.0-203-generic root=LABEL=cloudimg-rootfs ro console=tty1 console=ttyS0
[    0.000000] KERNEL supported cpus:
[    0.000000]   Intel GenuineIntel
[    0.000000]   AMD AuthenticAMD
[    0.000000]   Centaur CentaurHauls
[    0.000000] x86/fpu: xstate_offset[2]:  576, xstate_sizes[2]:  256
[    0.000000] x86/fpu: Supporting XSAVE feature 0x01: 'x87 floating point registers'
[    0.000000] x86/fpu: Supporting XSAVE feature 0x02: 'SSE registers'
[    0.000000] x86/fpu: Supporting XSAVE feature 0x04: 'AVX registers'
[    0.000000] x86/fpu: Enabled xstate features 0x7, context size is 832 bytes, using 'standard' format.
[    0.000000] e820: BIOS-provided physical RAM map:
[    0.000000] BIOS-e820: [mem 0x0000000000000000-0x000000000009fbff] usable
[    0.000000] BIOS-e820: [mem 0x000000000009fc00-0x000000000009ffff] reserved
[    0.000000] BIOS-e820: [mem 0x00000000000f0000-0x00000000000fffff] reserved
[    0.000000] BIOS-e820: [mem 0x0000000000100000-0x000000003ffeffff] usable
[    0.000000] BIOS-e820: [mem 0x000000003fff0000-0x000000003fffffff] ACPI data
[    0.000000] BIOS-e820: [mem 0x00000000fec00000-0x00000000fec00fff] reserved
[    0.000000] BIOS-e820: [mem 0x00000000fee00000-0x00000000fee00fff] reserved
[    0.000000] BIOS-e820: [mem 0x00000000fffc0000-0x00000000ffffffff] reserved
[    0.000000] NX (Execute Disable) protection: active
[    0.000000] SMBIOS 2.5 present.
[    0.000000] Hypervisor detected: KVM
[    0.000000] Kernel/User page tables isolation: disabled
[    0.000000] e820: last_pfn = 0x3fff0 max_arch_pfn = 0x400000000
[    0.000000] MTRR: Disabled
[    0.000000] x86/PAT: MTRRs disabled, skipping PAT initialization too.
[    0.000000] CPU MTRRs all blank - virtualized system.
[    0.000000] x86/PAT: Configuration [0-7]: WB  WT  UC- UC  WB  WT  UC- UC  
[    0.000000] found SMP MP-table at [mem 0x0009fff0-0x0009ffff] mapped at [ffff88000009fff0]
[    0.000000] Scanning 1 areas for low memory corruption
[    0.000000] RAMDISK: [mem 0x362de000-0x37166fff]
[    0.000000] ACPI: Early table checksum verification disabled
[    0.000000] ACPI: RSDP 0x00000000000E0000 000024 (v02 VBOX  )
[    0.000000] ACPI: XSDT 0x000000003FFF0030 00003C (v01 VBOX   VBOXXSDT 00000001 ASL  00000061)
[    0.000000] ACPI: FACP 0x000000003FFF00F0 0000F4 (v04 VBOX   VBOXFACP 00000001 ASL  00000061)
[    0.000000] ACPI: DSDT 0x000000003FFF0470 002325 (v02 VBOX   VBOXBIOS 00000002 INTL 20100528)
[    0.000000] ACPI: FACS 0x000000003FFF0200 000040
[    0.000000] ACPI: FACS 0x000000003FFF0200 000040
[    0.000000] ACPI: APIC 0x000000003FFF0240 00005C (v02 VBOX   VBOXAPIC 00000001 ASL  00000061)
[    0.000000] ACPI: SSDT 0x000000003FFF02A0 0001CC (v01 VBOX   VBOXCPUT 00000002 INTL 20100528)
[    0.000000] No NUMA configuration found
[    0.000000] Faking a node at [mem 0x0000000000000000-0x000000003ffeffff]
[    0.000000] NODE_DATA(0) allocated [mem 0x3ffeb000-0x3ffeffff]
[    0.000000] kvm-clock: Using msrs 4b564d01 and 4b564d00
[    0.000000] kvm-clock: cpu 0, msr 0:3ffe3001, primary cpu clock
[    0.000000] kvm-clock: using sched offset of 3196078340 cycles
[    0.000000] clocksource: kvm-clock: mask: 0xffffffffffffffff max_cycles: 0x1cd42e4dffb, max_idle_ns: 881590591483 ns
[    0.000000] Zone ranges:
[    0.000000]   DMA      [mem 0x0000000000001000-0x0000000000ffffff]
[    0.000000]   DMA32    [mem 0x0000000001000000-0x000000003ffeffff]
[    0.000000]   Normal   empty
[    0.000000]   Device   empty
[    0.000000] Movable zone start for each node
[    0.000000] Early memory node ranges
[    0.000000]   node   0: [mem 0x0000000000001000-0x000000000009efff]
[    0.000000]   node   0: [mem 0x0000000000100000-0x000000003ffeffff]
[    0.000000] Initmem setup node 0 [mem 0x0000000000001000-0x000000003ffeffff]
[    0.000000] ACPI: PM-Timer IO Port: 0x4008
[    0.000000] IOAPIC[0]: apic_id 2, version 32, address 0xfec00000, GSI 0-23
[    0.000000] ACPI: INT_SRC_OVR (bus 0 bus_irq 0 global_irq 2 dfl dfl)
[    0.000000] ACPI: INT_SRC_OVR (bus 0 bus_irq 9 global_irq 9 low level)
[    0.000000] Using ACPI (MADT) for SMP configuration information
[    0.000000] smpboot: Allowing 2 CPUs, 0 hotplug CPUs
[    0.000000] PM: Registered nosave memory: [mem 0x00000000-0x00000fff]
[    0.000000] PM: Registered nosave memory: [mem 0x0009f000-0x0009ffff]
[    0.000000] PM: Registered nosave memory: [mem 0x000a0000-0x000effff]
[    0.000000] PM: Registered nosave memory: [mem 0x000f0000-0x000fffff]
[    0.000000] e820: [mem 0x40000000-0xfebfffff] available for PCI devices
[    0.000000] Booting paravirtualized kernel on KVM
[    0.000000] clocksource: refined-jiffies: mask: 0xffffffff max_cycles: 0xffffffff, max_idle_ns: 7645519600211568 ns
[    0.000000] setup_percpu: NR_CPUS:512 nr_cpumask_bits:512 nr_cpu_ids:2 nr_node_ids:1
[    0.000000] PERCPU: Embedded 33 pages/cpu @ffff88003fc00000 s95640 r8192 d31336 u1048576
[    0.000000] Built 1 zonelists in Node order, mobility grouping on.  Total pages: 257912
[    0.000000] Policy zone: DMA32
[    0.000000] Kernel command line: BOOT_IMAGE=/boot/vmlinuz-4.4.0-203-generic root=LABEL=cloudimg-rootfs ro console=tty1 console=ttyS0
[    0.000000] PID hash table entries: 4096 (order: 3, 32768 bytes)
[    0.000000] Memory: 997656K/1048120K available (8641K kernel code, 1337K rwdata, 4044K rodata, 1496K init, 1296K bss, 50464K reserved, 0K cma-reserved)
[    0.000000] SLUB: HWalign=64, Order=0-3, MinObjects=0, CPUs=2, Nodes=1
[    0.000000] Hierarchical RCU implementation.
[    0.000000] 	Build-time adjustment of leaf fanout to 64.
[    0.000000] 	RCU restricting CPUs from NR_CPUS=512 to nr_cpu_ids=2.
[    0.000000] RCU: Adjusting geometry for rcu_fanout_leaf=64, nr_cpu_ids=2
[    0.000000] NR_IRQS:33024 nr_irqs:440 16
[    0.000000] Console: colour VGA+ 80x25
[    0.000000] console [tty1] enabled
[    0.000000] console [ttyS0] enabled
[    0.000000] tsc: Detected 1991.997 MHz processor
[    0.134395] Calibrating delay loop (skipped) preset value.. 3983.99 BogoMIPS (lpj=7967988)
[    0.136021] pid_max: default: 32768 minimum: 301
[    0.136881] ACPI: Core revision 20150930
[    0.139159] ACPI: 2 ACPI AML tables successfully acquired and loaded
[    0.140385] Security Framework initialized
[    0.141200] Yama: becoming mindful.
[    0.141949] AppArmor: AppArmor initialized
[    0.142833] Dentry cache hash table entries: 131072 (order: 8, 1048576 bytes)
[    0.144224] Inode-cache hash table entries: 65536 (order: 7, 524288 bytes)
[    0.146737] Mount-cache hash table entries: 2048 (order: 2, 16384 bytes)
[    0.147873] Mountpoint-cache hash table entries: 2048 (order: 2, 16384 bytes)
[    0.149261] Initializing cgroup subsys io
[    0.150037] Initializing cgroup subsys memory
[    0.150867] Initializing cgroup subsys devices
[    0.151703] Initializing cgroup subsys freezer
[    0.152536] Initializing cgroup subsys net_cls
[    0.153373] Initializing cgroup subsys perf_event
[    0.154270] Initializing cgroup subsys net_prio
[    0.155120] Initializing cgroup subsys hugetlb
[    0.155951] Initializing cgroup subsys pids
[    0.169189] mce: CPU supports 0 MCE banks
[    0.170106] Last level iTLB entries: 4KB 64, 2MB 8, 4MB 8
[    0.171200] Last level dTLB entries: 4KB 64, 2MB 0, 4MB 0, 1GB 4
[    0.172329] Spectre V1 : Mitigation: usercopy/swapgs barriers and __user pointer sanitization
[    0.174146] Spectre V2 : Mitigation: Full generic retpoline
[    0.175214] Spectre V2 : Spectre v2 / SpectreRSB mitigation: Filling RSB on context switch
[    0.176998] Speculative Store Bypass: Vulnerable
[    0.178018] SRBDS: Unknown: Dependent on hypervisor status
[    0.179062] MDS: Mitigation: Clear CPU buffers
[    0.182339] Freeing SMP alternatives memory: 36K
[    0.188630] ftrace: allocating 32366 entries in 127 pages
[    0.244641] smpboot: APIC(0) Converting physical 0 to logical package 0
[    0.245854] smpboot: Max logical packages: 1
[    0.246923] x2apic enabled
[    0.247817] Switched APIC routing to physical x2apic.
[    0.249866] ..TIMER: vector=0x30 apic1=0 pin1=2 apic2=-1 pin2=-1
[    0.359044] smpboot: CPU0: Intel(R) Core(TM) i7-8565U CPU @ 1.80GHz (family: 0x6, model: 0x8e, stepping: 0xb)
[    0.361274] Performance Events: unsupported p6 CPU model 142 no PMU driver, software events only.
[    0.369956] KVM setup paravirtual spinlock
[    0.371566] x86: Booting SMP configuration:
[    0.372380] .... node  #0, CPUs:      #1
[    0.373389] kvm-clock: cpu 1, msr 0:3ffe3041, secondary cpu clock
[    0.388135] mce: CPU supports 0 MCE banks
[    0.390722] x86: Booted up 1 node, 2 CPUs
[    0.391783] smpboot: Total of 2 processors activated (7967.98 BogoMIPS)
[    0.393452] devtmpfs: initialized
[    0.395564] evm: security.selinux
[    0.396314] evm: security.SMACK64
[    0.397020] evm: security.SMACK64EXEC
[    0.397764] evm: security.SMACK64TRANSMUTE
[    0.398588] evm: security.SMACK64MMAP
[    0.399482] evm: security.ima
[    0.400144] evm: security.capability
[    0.401014] clocksource: jiffies: mask: 0xffffffff max_cycles: 0xffffffff, max_idle_ns: 7645041785100000 ns
[    0.402868] futex hash table entries: 512 (order: 3, 32768 bytes)
[    0.404132] pinctrl core: initialized pinctrl subsystem
[    0.405164] RTC time: 13:15:02, date: 03/04/21
[    0.407542] NET: Registered protocol family 16
[    0.419560] cpuidle: using governor ladder
[    0.434825] cpuidle: using governor menu
[    0.437306] PCCT header not found.
[    0.439871] ACPI: bus type PCI registered
[    0.441811] acpiphp: ACPI Hot Plug PCI Controller Driver version: 0.5
[    0.444787] PCI: Using configuration type 1 for base access
[    0.461979] ACPI: Added _OSI(Module Device)
[    0.465007] ACPI: Added _OSI(Processor Device)
[    0.467698] ACPI: Added _OSI(3.0 _SCP Extensions)
[    0.469872] ACPI: Added _OSI(Processor Aggregator Device)
[    0.473226] ACPI: Executed 1 blocks of module-level executable AML code
[    0.478729] ACPI: Interpreter enabled
[    0.479944] ACPI: (supports S0 S5)
[    0.480988] ACPI: Using IOAPIC for interrupt routing
[    0.482502] PCI: Using host bridge windows from ACPI; if necessary, use "pci=nocrs" and report a bug
[    0.488458] ACPI: PCI Root Bridge [PCI0] (domain 0000 [bus 00-ff])
[    0.489722] acpi PNP0A03:00: _OSC: OS supports [ASPM ClockPM Segments MSI]
[    0.491509] acpi PNP0A03:00: _OSC: not requesting OS control; OS requires [ExtendedConfig ASPM ClockPM MSI]
[    0.493815] acpi PNP0A03:00: fail to add MMCONFIG information, can't access extended PCI configuration space under this bridge.
[    0.496259] PCI host bridge to bus 0000:00
[    0.497095] pci_bus 0000:00: root bus resource [io  0x0000-0x0cf7 window]
[    0.498291] pci_bus 0000:00: root bus resource [io  0x0d00-0xffff window]
[    0.499507] pci_bus 0000:00: root bus resource [mem 0x000a0000-0x000bffff window]
[    0.500978] pci_bus 0000:00: root bus resource [mem 0x40000000-0xfdffffff window]
[    0.502494] pci_bus 0000:00: root bus resource [bus 00-ff]
[    0.504899] pci 0000:00:01.1: legacy IDE quirk: reg 0x10: [io  0x01f0-0x01f7]
[    0.506135] pci 0000:00:01.1: legacy IDE quirk: reg 0x14: [io  0x03f6]
[    0.507372] pci 0000:00:01.1: legacy IDE quirk: reg 0x18: [io  0x0170-0x0177]
[    0.518622] pci 0000:00:01.1: legacy IDE quirk: reg 0x1c: [io  0x0376]
[    0.530105] pci 0000:00:07.0: quirk: [io  0x4000-0x403f] claimed by PIIX4 ACPI
[    0.531589] pci 0000:00:07.0: quirk: [io  0x4100-0x410f] claimed by PIIX4 SMB
[    0.536146] ACPI: PCI Interrupt Link [LNKA] (IRQs 5 9 10 *11)
[    0.537918] ACPI: PCI Interrupt Link [LNKB] (IRQs 5 9 *10 11)
[    0.539596] ACPI: PCI Interrupt Link [LNKC] (IRQs 5 *9 10 11)
[    0.541224] ACPI: PCI Interrupt Link [LNKD] (IRQs 5 9 10 *11)
[    0.543002] ACPI: Enabled 2 GPEs in block 00 to 07
[    0.544581] vgaarb: setting as boot device: PCI:0000:00:02.0
[    0.545582] vgaarb: device added: PCI:0000:00:02.0,decodes=io+mem,owns=io+mem,locks=none
[    0.547280] vgaarb: loaded
[    0.547888] vgaarb: bridge control possible 0000:00:02.0
[    0.549039] SCSI subsystem initialized
[    0.549966] ACPI: bus type USB registered
[    0.550802] usbcore: registered new interface driver usbfs
[    0.551811] usbcore: registered new interface driver hub
[    0.552874] usbcore: registered new device driver usb
[    0.554157] PCI: Using ACPI for IRQ routing
[    0.555209] NetLabel: Initializing
[    0.555905] NetLabel:  domain hash size = 128
[    0.556754] NetLabel:  protocols = UNLABELED CIPSOv4
[    0.557695] NetLabel:  unlabeled traffic allowed by default
[    0.558935] amd_nb: Cannot enumerate AMD northbridges
[    0.560156] clocksource: Switched to clocksource kvm-clock
[    0.568399] AppArmor: AppArmor Filesystem Enabled
[    0.569397] pnp: PnP ACPI init
[    0.570718] pnp: PnP ACPI: found 3 devices
[    0.580507] clocksource: acpi_pm: mask: 0xffffff max_cycles: 0xffffff, max_idle_ns: 2085701024 ns
[    0.582249] NET: Registered protocol family 2
[    0.583270] TCP established hash table entries: 8192 (order: 4, 65536 bytes)
[    0.584573] TCP bind hash table entries: 8192 (order: 5, 131072 bytes)
[    0.585774] TCP: Hash tables configured (established 8192 bind 8192)
[    0.586989] UDP hash table entries: 512 (order: 2, 16384 bytes)
[    0.588051] UDP-Lite hash table entries: 512 (order: 2, 16384 bytes)
[    0.590605] NET: Registered protocol family 1
[    0.591494] pci 0000:00:00.0: Limiting direct PCI/PCI transfers
[    0.592605] pci 0000:00:01.0: Activating ISA DMA hang workarounds
[    0.593955] Unpacking initramfs...
[    0.764423] Freeing initrd memory: 14884K
[    0.765401] clocksource: tsc: mask: 0xffffffffffffffff max_cycles: 0x396d4bf570c, max_idle_ns: 881590425443 ns
[    0.767296] platform rtc_cmos: registered platform RTC device (no PNP device found)
[    0.768891] Scanning for low memory corruption every 60 seconds
[    0.770437] audit: initializing netlink subsys (disabled)
[    0.771442] audit: type=2000 audit(1614863707.110:1): initialized
[    0.772771] Initialise system trusted keyring
[    0.773909] HugeTLB registered 2 MB page size, pre-allocated 0 pages
[    0.776060] zbud: loaded
[    0.777230] VFS: Disk quotas dquot_6.6.0
[    0.778158] VFS: Dquot-cache hash table entries: 512 (order 0, 4096 bytes)
[    0.779636] squashfs: version 4.0 (2009/01/31) Phillip Lougher
[    0.781085] fuse init (API version 7.23)
[    0.783640] Key type big_key registered
[    0.784453] Allocating IMA MOK and blacklist keyrings.
[    0.787775] Key type asymmetric registered
[    0.788731] Asymmetric key parser 'x509' registered
[    0.789715] Block layer SCSI generic (bsg) driver version 0.4 loaded (major 249)
[    0.791372] io scheduler noop registered
[    0.792171] io scheduler deadline registered (default)
[    0.793309] io scheduler cfq registered
[    0.794318] pci_hotplug: PCI Hot Plug PCI Core version: 0.5
[    0.795400] pciehp: PCI Express Hot Plug Controller Driver version: 0.4
[    0.796672] ACPI: AC Adapter [AC] (on-line)
[    0.797585] input: Power Button as /devices/LNXSYSTM:00/LNXPWRBN:00/input/input0
[    0.799054] ACPI: Power Button [PWRF]
[    0.799887] input: Sleep Button as /devices/LNXSYSTM:00/LNXSLPBN:00/input/input1
[    0.801380] ACPI: Sleep Button [SLPF]
[    0.802335] GHES: HEST is not enabled!
[    0.802898] ACPI: Battery Slot [BAT0] (battery present)
[    0.804351] Serial: 8250/16550 driver, 32 ports, IRQ sharing enabled
[    0.825962] 00:02: ttyS0 at I/O 0x3f8 (irq = 4, base_baud = 115200) is a 16550A
[    0.830386] Linux agpgart interface v0.103
[    0.832725] loop: module loaded
[    0.833903] scsi host0: ata_piix
[    0.834709] scsi host1: ata_piix
[    0.835502] ata1: PATA max UDMA/33 cmd 0x1f0 ctl 0x3f6 bmdma 0xd000 irq 14
[    0.836750] ata2: PATA max UDMA/33 cmd 0x170 ctl 0x376 bmdma 0xd008 irq 15
[    0.838173] libphy: Fixed MDIO Bus: probed
[    0.838996] tun: Universal TUN/TAP device driver, 1.6
[    0.839971] tun: (C) 1999-2004 Max Krasnyansky <maxk@qualcomm.com>
[    0.841267] PPP generic driver version 2.4.2
[    0.842271] ehci_hcd: USB 2.0 'Enhanced' Host Controller (EHCI) Driver
[    0.843600] ehci-pci: EHCI PCI platform driver
[    0.844498] ehci-platform: EHCI generic platform driver
[    0.845518] ohci_hcd: USB 1.1 'Open' Host Controller (OHCI) Driver
[    0.846627] ohci-pci: OHCI PCI platform driver
[    0.847600] ohci-platform: OHCI generic platform driver
[    0.848633] uhci_hcd: USB Universal Host Controller Interface driver
[    0.849838] i8042: PNP: PS/2 Controller [PNP0303:PS2K,PNP0f03:PS2M] at 0x60,0x64 irq 1,12
[    0.851770] serio: i8042 KBD port at 0x60,0x64 irq 1
[    0.852849] serio: i8042 AUX port at 0x60,0x64 irq 12
[    0.854071] mousedev: PS/2 mouse device common for all mice
[    0.855546] input: AT Translated Set 2 keyboard as /devices/platform/i8042/serio0/input/input2
[    0.857871] rtc_cmos rtc_cmos: rtc core: registered rtc_cmos as rtc0
[    0.859047] rtc_cmos rtc_cmos: alarms up to one day, 114 bytes nvram
[    0.860300] i2c /dev entries driver
[    0.861152] device-mapper: uevent: version 1.0.3
[    0.862107] device-mapper: ioctl: 4.34.0-ioctl (2015-10-28) initialised: dm-devel@redhat.com
[    0.863786] ledtrig-cpu: registered to indicate activity on CPUs
[    0.865655] NET: Registered protocol family 10
[    0.866717] NET: Registered protocol family 17
[    0.867606] Key type dns_resolver registered
[    0.869050] registered taskstats version 1
[    0.869886] Loading compiled-in X.509 certificates
[    0.871197] Loaded X.509 cert 'Build time autogenerated kernel key: c0f1dd89d7e09a1955be4fde7c6f946674683c10'
[    0.873135] zswap: loaded using pool lzo/zbud
[    0.875357] Key type trusted registered
[    0.878483] Key type encrypted registered
[    0.879330] AppArmor: AppArmor sha1 policy hashing enabled
[    0.880374] ima: No TPM chip found, activating TPM-bypass!
[    0.881427] ima: Allocated hash algorithm: sha1
[    0.882249] evm: HMAC attrs: 0x1
[    0.883219]   Magic number: 13:378:280
[    0.884016] tty tty17: hash matches
[    0.884937] rtc_cmos rtc_cmos: setting system clock to 2021-03-04 13:15:03 UTC (1614863703)
[    0.886659] BIOS EDD facility v0.16 2004-Jun-25, 0 devices found
[    0.887801] EDD information not available.
[    1.016851] Freeing unused kernel memory: 1496K
[    1.017774] Write protecting the kernel read-only data: 14336k
[    1.019232] Freeing unused kernel memory: 1588K
[    1.020402] Freeing unused kernel memory: 52K
Loading, please wait...
starting version 229
[    1.032025] random: systemd-udevd: uninitialized urandom read (16 bytes read, 3 bits of entropy available)
[    1.032491] random: udevadm: uninitialized urandom read (16 bytes read, 3 bits of entropy available)
[    1.032514] random: udevadm: uninitialized urandom read (16 bytes read, 3 bits of entropy available)
[    1.037688] random: systemd-udevd: uninitialized urandom read (16 bytes read, 3 bits of entropy available)
[    1.038854] random: udevadm: uninitialized urandom read (16 bytes read, 3 bits of entropy available)
[    1.038892] random: udevadm: uninitialized urandom read (16 bytes read, 3 bits of entropy available)
[    1.038998] random: udevadm: uninitialized urandom read (16 bytes read, 3 bits of entropy available)
[    1.039041] random: udevadm: uninitialized urandom read (16 bytes read, 3 bits of entropy available)
[    1.039085] random: udevadm: uninitialized urandom read (16 bytes read, 3 bits of entropy available)
[    1.039128] random: udevadm: uninitialized urandom read (16 bytes read, 3 bits of entropy available)
[    1.085583] e1000: Intel(R) PRO/1000 Network Driver - version 7.3.21-k8-NAPI
[    1.086873] e1000: Copyright (c) 1999-2006 Intel Corporation.
[    1.088046] Fusion MPT base driver 3.04.20
[    1.089080] Copyright (c) 1999-2008 LSI Corporation
[    1.092678] Fusion MPT SPI Host driver 3.04.20
[    1.109018] AVX2 version of gcm_enc/dec engaged.
[    1.110243] AES CTR mode by8 optimization enabled
[    1.309410] input: ImExPS/2 Generic Explorer Mouse as /devices/platform/i8042/serio1/input/input4
[    1.450561] e1000 0000:00:03.0 eth0: (PCI:33MHz:32-bit) 02:67:20:70:eb:1f
[    1.451821] e1000 0000:00:03.0 eth0: Intel(R) PRO/1000 Network Connection
[    1.453801] mptbase: ioc0: Initiating bringup
[    1.454372] e1000 0000:00:03.0 enp0s3: renamed from eth0
[    1.520647] ioc0: LSI53C1030 A0: Capabilities={Initiator}
[    1.689182] scsi host2: ioc0: LSI53C1030 A0, FwRev=00000000h, Ports=1, MaxQ=256, IRQ=20
[    1.810933] scsi 2:0:0:0: Direct-Access     VBOX     HARDDISK         1.0  PQ: 0 ANSI: 5
[    1.815806] scsi target2:0:0: Beginning Domain Validation
[    1.818999] scsi target2:0:0: Domain Validation skipping write tests
[    1.819974] scsi target2:0:0: Ending Domain Validation
[    1.820860] scsi target2:0:0: asynchronous
[    1.821978] scsi 2:0:1:0: Direct-Access     VBOX     HARDDISK         1.0  PQ: 0 ANSI: 5
[    1.823356] scsi target2:0:1: Beginning Domain Validation
[    1.824854] scsi target2:0:1: Domain Validation skipping write tests
[    1.835917] scsi target2:0:1: Ending Domain Validation
[    1.837022] scsi target2:0:1: asynchronous
[    1.843895] sd 2:0:0:0: [sda] 83886080 512-byte logical blocks: (42.9 GB/40.0 GiB)
[    1.844217] sd 2:0:0:0: Attached scsi generic sg0 type 0
[    1.844340] sd 2:0:1:0: Attached scsi generic sg1 type 0
[    1.844992] sd 2:0:1:0: [sdb] 20480 512-byte logical blocks: (10.5 MB/10.0 MiB)
[    1.845142] sd 2:0:1:0: [sdb] Write Protect is off
[    1.845241] sd 2:0:1:0: [sdb] Incomplete mode parameter data
[    1.845243] sd 2:0:1:0: [sdb] Assuming drive cache: write through
[    1.847868] sd 2:0:1:0: [sdb] Attached SCSI disk
[    1.853493] sd 2:0:0:0: [sda] Write Protect is off
[    1.854665] sd 2:0:0:0: [sda] Incomplete mode parameter data
[    1.855604] sd 2:0:0:0: [sda] Assuming drive cache: write through
[    1.858454]  sda: sda1
[    1.860181] sd 2:0:0:0: [sda] Attached SCSI disk
Begin: Loading essential drivers ... [    3.211719] md: linear personality registered for level -1
[    3.214373] md: multipath personality registered for level -4
[    3.217149] md: raid0 personality registered for level 0
[    3.220675] md: raid1 personality registered for level 1
[    3.292239] raid6: sse2x1   gen() 14744 MB/s
[    3.360500] raid6: sse2x1   xor() 10416 MB/s
[    3.428357] raid6: sse2x2   gen() 18160 MB/s
[    3.496259] raid6: sse2x2   xor() 12637 MB/s
[    3.565054] raid6: sse2x4   gen() 20329 MB/s
[    3.632355] raid6: sse2x4   xor() 13179 MB/s
[    3.700205] raid6: avx2x1   gen() 24363 MB/s
[    3.768545] raid6: avx2x2   gen() 31796 MB/s
[    3.836324] raid6: avx2x4   gen() 35128 MB/s
[    3.837241] raid6: using algorithm avx2x4 gen() 35128 MB/s
[    3.838333] raid6: using avx2x2 recovery algorithm
[    3.840433] xor: automatically using best checksumming function:
[    3.880215]    avx       : 27490.000 MB/sec
[    3.882023] async_tx: api initialized (async)
[    3.889717] md: raid6 personality registered for level 6
[    3.890703] md: raid5 personality registered for level 5
[    3.891695] md: raid4 personality registered for level 4
[    3.897447] md: raid10 personality registered for level 10
done.
Begin: Running /scripts/init-premount ... done.
Begin: Mounting root file system ... Begin: Running /scripts/local-top ... done.
Begin: Running /scripts/local-premount ... [    3.922473] Btrfs loaded
Scanning for Btrfs filesystems
done.
Warning: fsck not present, so skipping root file system
[    3.952678] EXT4-fs (sda1): mounted filesystem with ordered data mode. Opts: (null)
done.
Begin: Running /scripts/local-bottom ... done.
Begin: Running /scripts/init-bottom ... done.
[    4.024676] systemd[1]: systemd 229 running in system mode. (+PAM +AUDIT +SELINUX +IMA +APPARMOR +SMACK +SYSVINIT +UTMP +LIBCRYPTSETUP +GCRYPT +GNUTLS +ACL +XZ -LZ4 +SECCOMP +BLKID +ELFUTILS +KMOD -IDN)
[    4.027741] systemd[1]: Detected virtualization oracle.
[    4.028963] systemd[1]: Detected architecture x86-64.

Welcome to [1mUbuntu 16.04.7 LTS[0m!

[    4.032816] systemd[1]: Set hostname to <ubuntu>.
[    4.036980] systemd[1]: Initializing machine ID from random generator.
[    4.038116] systemd[1]: Installed transient /etc/machine-id file.
[    4.146782] systemd[1]: Created slice System Slice.
[[0;32m  OK  [0m] Created slice System Slice.
[    4.148733] systemd[1]: Listening on udev Kernel Socket.
[[0;32m  OK  [0m] Listening on udev Kernel Socket.
[    4.150408] systemd[1]: Listening on Device-mapper event daemon FIFOs.
[[0;32m  OK  [0m] Listening on Device-mapper event daemon FIFOs.
[    4.152463] systemd[1]: Listening on Syslog Socket.
[[0;32m  OK  [0m] Listening on Syslog Socket.
[    4.154143] systemd[1]: Started Trigger resolvconf update for networkd DNS.
[[0;32m  OK  [0m] Started Trigger resolvconf update for networkd DNS.
[    4.156075] systemd[1]: Started Forward Password Requests to Wall Directory Watch.
[[0;32m  OK  [0m] Started Forward Password Requests to Wall Directory Watch.
[    4.158457] systemd[1]: Listening on LVM2 poll daemon socket.
[[0;32m  OK  [0m] Listening on LVM2 poll daemon socket.
[    4.160381] systemd[1]: Set up automount Arbitrary Executable File Formats File System Automount Point.
[[0;32m  OK  [0m] Set up automount Arbitrary Executab...ats File System Automount Point.
[    4.163235] systemd[1]: Listening on Journal Audit Socket.
[[0;32m  OK  [0m] Listening on Journal Audit Socket.
[    4.165136] systemd[1]: Created slice User and Session Slice.
[[0;32m  OK  [0m] Created slice User and Session Slice.
[    4.166847] systemd[1]: Reached target System Time Synchronized.
[[0;32m  OK  [0m] Reached target System Time Synchronized.
[    4.168595] systemd[1]: Reached target Swap.
[[0;32m  OK  [0m] Reached target Swap.
[    4.169967] systemd[1]: Reached target Slices.
[[0;32m  OK  [0m] Reached target Slices.
[    4.171364] systemd[1]: Listening on Journal Socket (/dev/log).
[[0;32m  OK  [0m] Listening on Journal Socket (/dev/log).
[    4.173072] systemd[1]: Listening on Journal Socket.
[[0;32m  OK  [0m] Listening on Journal Socket.
[    4.184299] systemd[1]: Mounting Huge Pages File System...
         Mounting Huge Pages File System...
[    4.186893] systemd[1]: Starting Create list of required static device nodes for the current kernel...
         Starting Create list of required st... nodes for the current kernel...
[    4.191170] systemd[1]: Starting Set console keymap...
         Starting Set console keymap...
[    4.193303] systemd[1]: Mounting Debug File System...
         Mounting Debug File System...
[    4.195415] systemd[1]: Starting Journal Service...
         Starting Journal Service...
[    4.199096] systemd[1]: Starting Load Kernel Modules...
         Starting Load Kernel Modules...
[    4.201735] systemd[1]: Mounting POSIX Message Queue File System...
         Mounting POSIX Message Queue File System...
[    4.204414] systemd[1]: Reached target User and Group Name Lookups.
[[0;32m  OK  [0m] Reached target User and Group Name Lookups.
[    4.206339] systemd[1]: Reached target Encrypted Volumes.
[[0;32m  OK  [0m] Reached target Encrypted Volumes.
[    4.208135] systemd[1]: Listening on /dev/initctl Compatibility Named Pipe.
[[0;32m  OK  [0m] Listening on /dev/initctl Compatibility Named Pipe.
[    4.210814] systemd[1]: Created slice system-serial\x2dgetty.slice.
[[0;32m  OK  [0m] Created slice system-serial\x2dgetty.slice.
[    4.215211] systemd[1]: Listening on udev Control Socket.
[[0;32m  OK  [0m] Listening on udev Control Socket.
[    4.220561] Loading iSCSI transport class v2.0-870.
[    4.229168] iscsi: registered transport (tcp)
[    4.240477] systemd[1]: Starting Uncomplicated firewall...
         Starting Uncomplicated firewall...
[    4.249024] systemd[1]: Starting Nameserver information manager...
         Starting Nameserver information manager...
[    4.252682] systemd[1]: Starting Remount Root and Kernel File Systems...
         Starting Remount[    4.254241] iscsi: registered transport (iser)
 Root and Kernel File Systems...
[    4.255901] systemd[1]: Listening on LVM2 metadata daemon socket.
[[0;32m  OK  [0m] Listening on LVM2 metadata daemon socket.
[    4.258409] systemd[1]: Starting Monitoring of LVM2 mirrors, snapshots etc. using dmeventd or progress polling...
         Starting Monitor[    4.264129] EXT4-fs (sda1): re-mounted. Opts: (null)
ing of LVM2 mirrors... dmeventd or progress polling...
[    4.289053] systemd[1]: Mounted Huge Pages File System.
[[0;32m  OK  [0m] Mounted Huge Pages File System.
[    4.301267] systemd[1]: Mounted POSIX Message Queue File System.
[[0;32m  OK  [0m] Mounted POSIX Message Queue File System.
[    4.312347] systemd[1]: Mounted Debug File System.
[[0;32m  OK  [0m] Mounted Debug File System.
[    4.314036] systemd[1]: Started Journal Service.
[[0;32m  OK  [0m] Started Journal Service.
[[0;32m  OK  [0m] Started Create list of required sta...ce nodes for the current kernel.
[[0;32m  OK  [0m] Started Set console keymap.
[[0;32m  OK  [0m] Started Load Kernel Modules.
[[0;32m  OK  [0m] Started Uncomplicated firewall.
[[0;32m  OK  [0m] Started Remount Root and Kernel File Systems.
[[0;32m  OK  [0m] Started Nameserver information manager.
[[0;32m  OK  [0m] Started LVM2 metadata daemon.
         Starting udev Coldplug all Devices...
         Starting Load/Save Random Seed...
         Mounting FUSE Control File System...
         Starting Apply Kernel Variables...
         Starting Create Static Device Nodes in /dev...
         Starting Flush Journal to Persistent Storage...
[[0;32m  OK  [0m] Started Load/Save Random Seed.
[[0;32m  OK  [0m] Mounted FUSE Control File System.
[[0;32m  OK  [0m] Started Apply Kernel Variables.
[[0;32m  OK  [0m] Started Flush Journal to Persistent Storage.
[[0;32m  OK  [0m] Started Create Static Device Nodes in /dev.
         Starting udev Kernel Device Manager...
[[0;32m  OK  [0m] Started udev Kernel Device Manager.
[[0;32m  OK  [0m] Started udev Coldplug all Devices.
[[0;32m  OK  [0m] Started Dispatch Password Requests to Console Directory Watch.
[[0;32m  OK  [0m] Found device /dev/ttyS0.
[[0;32m  OK  [0m] Listening on Load/Save RF Kill Switch Status /dev/rfkill Watch.
[[0;32m  OK  [0m] Started Monitoring of LVM2 mirrors,...ng dmeventd or progress polling.
[[0;32m  OK  [0m] Reached target Local File Systems (Pre).
[[0;32m  OK  [0m] Reached target Local File Systems.
         Starting Tell Plymouth To Write Out Runtime Data...
         Starting LSB: AppArmor initialization...
         Starting Initial cloud-init job (pre-networking)...
         Starting Commit a transient machine-id on disk...
         Starting Set console font and keymap...
         Starting Create Volatile Files and Directories...
[[0;32m  OK  [0m] Started Tell Plymouth To Write Out Runtime Data.
[[0;32m  OK  [0m] Started Create Volatile Files and Directories.
[[0;32m  OK  [0m] Started Commit a transient machine-id on disk.
         Starting Update UTMP about System Boot/Shutdown...
[[0;32m  OK  [0m] Started Update UTMP about System Boot/Shutdown.
[    6.016081] cloud-init[606]: Cloud-init v. 20.4.1-0ubuntu1~16.04.1 running 'init-local' at Thu, 04 Mar 2021 13:15:08 +0000. Up 5.63 seconds.
[[0;32m  OK  [0m] Started Initial cloud-init job (pre-networking).
[[0;32m  OK  [0m] Reached target Network (Pre).
[[0;32m  OK  [0m] Started Set console font and keymap.
[[0;32m  OK  [0m] Created slice system-getty.slice.
[[0;32m  OK  [0m] Started LSB: AppArmor initialization.
         Starting Raise network interfaces...
         Starting Load AppArmor profiles managed internally by snapd...
[[0;32m  OK  [0m] Started Load AppArmor profiles managed internally by snapd.
[[0;32m  OK  [0m] Started Raise network interfaces.
         Starting Initial cloud-init job (metadata service crawler)...
[[0;32m  OK  [0m] Reached target Network.
[    7.357551] cloud-init[944]: Cloud-init v. 20.4.1-0ubuntu1~16.04.1 running 'init' at Thu, 04 Mar 2021 13:15:09 +0000. Up 6.99 seconds.
[    7.365063] cloud-init[944]: ci-info: ++++++++++++++++++++++++++++++++++++++Net device info++++++++++++++++++++++++++++++++++++++
[    7.366196] cloud-init[944]: ci-info: +--------+------+----------------------------+---------------+--------+-------------------+
[    7.367254] cloud-init[944]: ci-info: | Device |  Up  |          Address           |      Mask     | Scope  |     Hw-Address    |
[    7.376331] cloud-init[944]: ci-info: +--------+------+----------------------------+---------------+--------+-------------------+
[    7.384399] cloud-init[944]: ci-info: | enp0s3 | True |         10.0.2.15          | 255.255.255.0 | global | 02:67:20:70:eb:1f |
[    7.392341] cloud-init[944]: ci-info: | enp0s3 | True | fe80::67:20ff:fe70:eb1f/64 |       .       |  link  | 02:67:20:70:eb:1f |
[    7.400223] cloud-init[944]: ci-info: |   lo   | True |         127.0.0.1          |   255.0.0.0   |  host  |         .         |
[[0;32m  OK  [0m] Started Initial cloud-init job (metadata service crawler).
[    7.400370] cloud-init[944]: ci-info: |   lo   | True |          ::1/128           |       .       |  host  |         .         |
[    7.410057] cloud-init[944]: ci-info: +--------+------+----------------------------+---------------+--------+-------------------+
[    7.410189] [cloud-init[0;32m  OK  [0m[944]: ] ci-info: +++++++++++++++++++++++++++Route IPv4 info++++++++++++++++++++++++++++Reached target System Initialization.

[    7.410228] cloud-init[944]: ci-info: +-------+-------------+----------+---------------+-----------+-------+
[[0;32m  OK  [0m] Listening on UUID daemon activation socket.
[[    7.412124] [0;32m  OK  [0mcloud-init] [944]: Started Daily apt download activities.ci-info: | Route | Destination | Gateway  |    Genmask    | Interface | Flags |

[    7.422236] cloud-init[944]: ci-info: +-------+-------------+----------+---------------+-----------+-------+
[    7.422429] [cloud-init[0;32m  OK  [0m[944]: ] ci-info: |   0   |   0.0.0.0   | 10.0.2.2 |    0.0.0.0    |   enp0s3  |   UG  |Started Message of the Day.

[    7.422472] cloud-init[944]: ci-info: |   1   |   10.0.2.0  | 0.0.0.0  | 255.255.255.0 |   enp0s3  |   U   |
[    7.425462] cloud-init[944]: ci-info: +-------+-------------+----------+---------------+-----------+-------+
[    7.425619] cloud-init[944]: ci-info: +++++++++++++++++++Route IPv6 info+++++++++++++++++++
         Starting Socket activation for snappy daemon.
[    7.425728] cloud-init[944]: ci-info: +-------+-------------+---------+-----------+-------+
[    7.428729] cloud-init[944]: ci-info: | Route | Destination | Gateway | Interface | Flags |
[    7.429733] cloud-init[944]: ci-info: +-------+-------------+---------+-----------+-------+
[    7.436586] cloud-init[944]: ci-info: |   0   |  fe80::/64  |    ::   |   enp0s3  |   U   |
[    7.436799] cloud-init[944]: ci-info: |   3   |   ff00::/8  |    ::   |   enp0s3  |   U   |
[    7.437162] cloud-init[944]: ci-info: +-------+-------------+---------+-----------+-------+
[    7.437463] cloud-init[944]: Generating public/private rsa key pair.
[    7.437662] cloud-init[944]: Your identification has been saved in /etc/ssh/ssh_host_rsa_key.
[    7.437869] cloud-init[944]: Your public key has been saved in /etc/ssh/ssh_host_rsa_key.pub.
[    7.438095] cloud-init[944]: The key fingerprint is:
[    7.438191] cloud-init[944]: SHA256:2veAMPt63Whh2JOrd+XRfgQqL0KIpnZcxuyPpyAIhfE root@ubuntu-xenial
[    7.438502] cloud-init[944]: The key's randomart image is:
[    7.438720] cloud-init[944]: +---[RSA 2048]----+
[    7.439016] cloud-init[944]: |.                |
[    7.439134] cloud-init[944]: | +               |
[    7.439444] cloud-init[944]: |. E              |
[    7.439652] cloud-init[944]: | .            .  |
[    7.439901] cloud-init[944]: |.    +o.So . . o |
[    7.440257] cloud-init[944]: |..  o **o.B . o o|
[    7.440554] cloud-init[944]: |. .+.+o.oooO o + |
[    7.440769] cloud-init[944]: |  o.o..o+.Bo+ . o|
[    7.440994] cloud-init[944]: | . .  +*+= o.   .|
[    7.441325] cloud-init[944]: +----[SHA256]-----+
[    7.441467] cloud-init[944]: Generating public/private dsa key pair.
[    7.441781] cloud-init[944]: Your identification has been saved in /etc/ssh/ssh_host_dsa_key.
[    7.442096] cloud-init[944]: Your public key has been saved in /etc/ssh/ssh_host_dsa_key.pub.
[    7.442443] cloud-init[944]: The key fingerprint is:
[    7.442677] cloud-init[944]: SHA256:sJ4v58HRbRDq2GMzeUr+LrGDD5/bmtw1fwKbPRXz0nQ root@ubuntu-xenial
[    7.442884] cloud-init[944]: The key's randomart image is:
[    7.443105] cloud-init[944]: +---[DSA 1024]----+
[    7.443312] cloud-init[944]: |          .      |
[    7.443622] cloud-init[944]: |         . .     |
[    7.443937] cloud-init[944]: |      . . .      |
[    7.444183] cloud-init[944]: |       * o o   oE|
[    7.444383] cloud-init[944]: |      o S o o  o=|
[    7.444586] cloud-init[944]: |     . *.B .. . +|
[    7.444694] cloud-init[944]: |      +.=o  o= o |
[    7.444895] cloud-init[944]: |      o==B .oo+ .|
[[0;32m  OK  [0m] Started ACPI Events Check.
[    7.445065] cloud-init[944]: |       =@*=   .+ |
[    7.445190] cloud-init[944]: +----[SHA256]-----+
[    7.445391] cloud-init[944]: Generating public/private ecdsa key pair.
[    7.445595] cloud-init[944]: Your identification has been saved in /etc/ssh/ssh_host_ecdsa_key.
[    7.445832] cloud-init[944]: Your public key has been saved in /etc/ssh/ssh_host_ecdsa_key.pub.
[    7.446047] cloud-init[944]: The key fingerprint is:
[    7.446273] cloud-init[944]: SHA256:GTeJ20HAGNWIk5tTUq4C3pX7+SP2TLbE3Jupl2GaFd4 root@ubuntu-xenial
[    7.446615] cloud-init[944]: The key's randomart image is:
[    7.446848] cloud-init[944]: +---[ECDSA 256]---+
[    7.447092] cloud-init[944]: |      .O++.      |
[    7.447318] cloud-init[944]: |      *o+o..     |
[    7.447545] cloud-init[944]: |  .   o*+ =      |
[    7.447776] cloud-init[944]: | . o .+o * o.    |
[    7.448036] cloud-init[944]: |  . o o.S .. o   |
[    7.448395] cloud-init[944]: |     . . + .= E  |
[    7.448615] cloud-init[944]: |        o *=.o   |
[    7.448856] cloud-init[944]: |        o*+.o+   |
[    7.449105] cloud-init[944]: |       . o*++    |
[    7.449337] cloud-init[944]: +----[SHA256]-----+
[    7.449542] cloud-init[944]: Generating public/private ed25519 key pair.
[    7.449745] cloud-init[944]: Your identification has been saved in /etc/ssh/ssh_host_ed25519_key.
[    7.449935] cloud-init[944]: Your public key has been saved in /etc/ssh/ssh_host_ed25519_key.pub.
[    7.450268] cloud-init[944]: The key fingerprint is:
[    7.450509] cloud-init[944]: SHA256:ushekW+/D9DF+Dl/MucsDsMKIn3UC6wZMXQWbMNwwnk root@ubuntu-xenial
[    7.450878] cloud-init[944]: The key's randomart image is:
[    7.451357] cloud-init[944]: +--[ED25519 256]--+
[    7.451687] cloud-init[944]: |     .+==.       |
[    7.451873] cloud-init[944]: |     .o=E  o     |
[    7.452458] cloud-init[944]: |      oo .. o    |
[    7.452642] cloud-init[944]: |       = o o .   |
[    7.452674] cloud-init[944]: |      + S o +    |
[    7.452920] cloud-init[944]: |     . O o o o   |
[    7.453377] cloud-init[944]: |    . B = o + + o|
[    7.453829] cloud-init[944]: |   . + = o o o.B |
[    7.454438] cloud-init[944]: |   .+ .   +o....o|
[    7.454612] cloud-init[944]: +----[SHA256]-----+
[[0;32m  OK  [0m] Reached target Paths.
         Starting LXD - unix socket.
[[0;32m  OK  [0m] Started Daily Cleanup of Temporary Directories.
[[0;32m  OK  [0m] Started Daily apt upgrade and clean activities.
[[0;32m  OK  [0m] Reached target Timers.
[[0;32m  OK  [0m] Listening on D-Bus System Message Bus Socket.
[[0;32m  OK  [0m] Listening on ACPID Listen Socket.
[[0;32m  OK  [0m] Reached target Cloud-config availability.
[[0;32m  OK  [0m] Reached target Network is Online.
         Starting iSCSI initiator daemon (iscsid)...
[[0;32m  OK  [0m] Listening on Socket activation for snappy daemon.
[[0;32m  OK  [0m] Listening on LXD - unix socket.
[[0;32m  OK  [0m] Reached target Sockets.
[[0;32m  OK  [0m] Reached target Basic System.
[[0;32m  OK  [0m] Started FUSE filesystem for LXC.
         Starting Login Service...
[[0;32m  OK  [0m] Started Regular background program processing daemon.
[[0;32m  OK  [0m] Started ACPI event daemon.
         Starting LSB: MD monitoring daemon...
         Starting Virtualbox guest utils...
         Starting /etc/rc.local Compatibility...
         Starting System Logging Service...
[[0;32m  OK  [0m] Started Deferred execution scheduler.
[[0;32m  OK  [0m] Started D-Bus System Message Bus.
         Starting Accounts Service...
         Starting LXD - container startup/shutdown...
         Starting LSB: Record successful boot for GRUB...
         Starting Pollinate to seed the pseudo random number generator...
         Starting Snap Daemon...
[[0;32m  OK  [0m] Started System Logging Service.
[[0;32m  OK  [0m] Started /etc/rc.local Compatibility.
[[0;32m  OK  [0m] Started iSCSI initiator daemon (iscsid).
[[0;32m  OK  [0m] Started Login Service.
[[0;32m  OK  [0m] Started Unattended Upgrades Shutdown.
         Starting Login to default iSCSI targets...
[[0;32m  OK  [0m] Started LSB: MD monitoring daemon.
[[0;32m  OK  [0m] Started LSB: Record successful boot for GRUB.
[[0;32m  OK  [0m] Started Login to default iSCSI targets.
[[0;32m  OK  [0m] Reached target Remote File Systems (Pre).
[[0;32m  OK  [0m] Reached target Remote File Systems.
         Starting LSB: Set the CPU Frequency Scaling governor to "ondemand"...
         Starting Permit User Sessions...
         Starting LSB: daemon to balance interrupts for SMP systems...
         Starting LSB: automatic crash report generation...
[[0;32m  OK  [0m] Started Permit User Sessions.
         Starting Authenticate and Authorize Users to Run Privileged Tasks...
         Starting Terminate Plymouth Boot Screen...
         Starting Hold until boot process finishes up...
[[0;32m  OK  [0m] Started Hold until boot process finishes up.
[[0;32m  OK  [0m] Started Getty on tty1.
         Starting Set console scheme...
[[0;32m  OK  [0m] Started Serial Getty on ttyS0.
[[0;32m  OK  [0m] Reached target Login Prompts.
[[0;32m  OK  [0m] Started LSB: Set the CPU Frequency Scaling governor to "ondemand".
[[0;32m  OK  [0m] Started LSB: daemon to balance interrupts for SMP systems.
[[0;32m  OK  [0m] Started Terminate Plymouth Boot Screen.
[[0;32m  OK  [0m] Started Set console scheme.
[[0;32m  OK  [0m] Started LSB: automatic crash report generation.
[[0;32m  OK  [0m] Started Authenticate and Authorize Users to Run Privileged Tasks.
[[0;32m  OK  [0m] Started Accounts Service.
[[0;32m  OK  [0m] Started LXD - container startup/shutdown.
[[0;32m  OK  [0m] Started Virtualbox guest utils.
[[0;32m  OK  [0m] Started Snap Daemon.
         Starting Wait until snapd is fully seeded...
[[0;32m  OK  [0m] Started Pollinate to seed the pseudo random number generator.
         Starting OpenBSD Secure Shell server...
[[0;32m  OK  [0m] Started OpenBSD Secure Shell server.
[[0;32m  OK  [0m] Started Wait until snapd is fully seeded.
         Starting Apply the settings specified in cloud-config...
[[0;32m  OK  [0m] Reached target Multi-User System.
[[0;32m  OK  [0m] Reached target Graphical Interface.
         Starting Update UTMP about System Runlevel Changes...
[[0;32m  OK  [0m] Started Update UTMP about System Runlevel Changes.
[   10.990781] cloud-init[1288]: Generating locales (this might take a while)...
[   11.876414] cloud-init[1288]:   en_US.UTF-8... done
[   11.877217] cloud-init[1288]: Generation complete.
[   12.131051] cloud-init[1288]: Cloud-init v. 20.4.1-0ubuntu1~16.04.1 running 'modules:config' at Thu, 04 Mar 2021 13:15:13 +0000. Up 10.87 seconds.
[[0;32m  OK  [0m] Started Apply the settings specified in cloud-config.
         Starting Execute cloud user/final scripts...
[[0;32m  OK  [0m] Created slice User Slice of vagrant.
         Starting User Manager for UID 1000...
[[0;32m  OK  [0m] Started Session 1 of user vagrant.
[[0;32m  OK  [0m] Started User Manager for UID 1000.
ci-info: no authorized SSH keys fingerprints found for user ubuntu.
<14>Mar  4 13:15:15 ec2: 
<14>Mar  4 13:15:15 ec2: #############################################################
<14>Mar  4 13:15:15 ec2: -----BEGIN SSH HOST KEY FINGERPRINTS-----
<14>Mar  4 13:15:15 ec2: 1024 SHA256:sJ4v58HRbRDq2GMzeUr+LrGDD5/bmtw1fwKbPRXz0nQ root@ubuntu-xenial (DSA)
<14>Mar  4 13:15:15 ec2: 256 SHA256:GTeJ20HAGNWIk5tTUq4C3pX7+SP2TLbE3Jupl2GaFd4 root@ubuntu-xenial (ECDSA)
<14>Mar  4 13:15:15 ec2: 256 SHA256:ushekW+/D9DF+Dl/MucsDsMKIn3UC6wZMXQWbMNwwnk root@ubuntu-xenial (ED25519)
<14>Mar  4 13:15:15 ec2: 2048 SHA256:2veAMPt63Whh2JOrd+XRfgQqL0KIpnZcxuyPpyAIhfE root@ubuntu-xenial (RSA)
<14>Mar  4 13:15:15 ec2: -----END SSH HOST KEY FINGERPRINTS-----
<14>Mar  4 13:15:15 ec2: #############################################################
-----BEGIN SSH HOST KEY KEYS-----
ecdsa-sha2-nistp256 AAAAE2VjZHNhLXNoYTItbmlzdHAyNTYAAAAIbmlzdHAyNTYAAABBBJvgktnur5JKxzENRUG9VdCWk7j7xYeYE5iV5molHcVN1/jHcC9RvhyPl7O6g3uVmSjlelg6b6XERt/b2s/FXIc= root@ubuntu-xenial
ssh-ed25519 AAAAC3NzaC1lZDI1NTE5AAAAIIKF9KqebU8nl1il7dNHoFgYbaGjLXjqSGEOUb8nTJNM root@ubuntu-xenial
ssh-rsa AAAAB3NzaC1yc2EAAAADAQABAAABAQC5SEwZXmKHYJsh0/yroIv+mrQRJIi7zIaDmYzGcD5z+LV4dNjtVtg0VOdWr5duywx5E7ArwF+8CVP+G74b8BDjnzhM2BwdpKJdmJq4duQVhNcjbz7xC3JVhqGfK8dZa9JkToEE6F/nPgmmh+AECTBFbvrV+73XTKPIokJT4ZZe4vuJ4Re2rld3XtC1hCyVCR75tZDZzb3KP8ZZ7I0/eW5QXIGlLRMrKmea/1y5TXNI1vwxgB8Ij3aaVUH/qgSSOXUAYlErfYcMrLqUsooBjtoDK6JfqjxdLK7otGuo6yC5InX8yHw6AW1+U9SLqRQr5MBmwPZ3K/56aOfpL2Ol7Dkz root@ubuntu-xenial
-----END SSH HOST KEY KEYS-----
[   12.703129] cloud-init[1331]: Cloud-init v. 20.4.1-0ubuntu1~16.04.1 running 'modules:final' at Thu, 04 Mar 2021 13:15:15 +0000. Up 12.52 seconds.
[   12.730954] cloud-init[1331]: ci-info: no au[   12.743371] cloud-init[1331]: Cloud-init v. 20.4.1-0ubuntu1~16.04.1 finished at Thu, 04 Mar 2021 13:15:15 +0000. Datasource DataSourceNoCloud [seed=/dev/sdb][dsmode=net].  Up 12.69 seconds

Ubuntu 16.04.7 LTS ubuntu-xenial ttyS0

ubuntu-xenial login: 